================================================================
E2 — DUAL-CAMERA INTERACTIVE HEIGHT SCAN
================================================================
run_id             : 20260808_151001
output             : /mnt/c/Users/ASUS/Desktop/paper/E2/E2_dual_camera_height_scan/run_20260808_151001
dictionary         : DICT_4X4_50
marker outer size  : 50.0 mm
A4 board geometry  : 210.0 x 297.0 mm
placements / height: 1
frames / placement : 3
pair sync gate     : <= 50.0 ms
height unit        : mm

Waiting for both color streams + CameraInfo ...
ihawk1: color=/ihawk1/color/color_raw | camera_info=/ihawk1/color/camera_info | depth=/ihawk1/depth/depth_raw
ihawk2: color=/ihawk2/color/color_raw | camera_info=/ihawk2/color/camera_info | depth=/ihawk2/depth/depth_raw

Discovering the five common board markers ...
ihawk1 IDs: [0, 1, 2, 3, 4]
ihawk2 IDs: [0, 1, 2, 3, 4]
Common board IDs selected automatically: [0, 1, 2, 3, 4]

NOTE: TL/TR/BL/BR are established from ihawk1 image geometry for this run and then tied permanently to marker IDs.

Ready.
For each Z layer: enter the measured height in mm, then complete exactly 1 board-center XY placements.
XY input is the A4 CENTER / center-marker coordinate in mm. Convention: +X right, +Y up. Translate only; do NOT rotate.
Type q only at the Height prompt to finish the run.


================================================================
[HEIGHT 001] Z = 50.000 mm
This Z layer requires exactly 1 XY placements.
For each placement enter the A4 CENTER coordinate as "X Y" in mm. Example: 5 0
Board rotation must remain 0 deg.
================================================================

[PLACEMENT 1/1] Z=50.000 mm | board center XY=(0.000, 0.000) mm
Waiting 1.0s for board settling ...
  [CAPTURE 01/3] pair Δt=16.1 ms | markers ihawk1=5, ihawk2=5
  [CAPTURE 02/3] pair Δt=23.8 ms | markers ihawk1=5, ihawk2=5
  [CAPTURE 03/3] pair Δt=10.3 ms | markers ihawk1=5, ihawk2=5
[PLACEMENT PASS] 1/1 | XY=(0.000, 0.000) mm | ihawk1 15/15 | ihawk2 15/15

------------------------------------------------------------
[HEIGHT PASS] Z=50.000 mm | 1/1 placements complete
Recorded board-center XY values:
  P01: (0.000, 0.000) mm
Now set the next physical Z and enter the next height.
------------------------------------------------------------


================================================================
[HEIGHT 002] Z = 45.000 mm
This Z layer requires exactly 1 XY placements.
For each placement enter the A4 CENTER coordinate as "X Y" in mm. Example: 5 0
Board rotation must remain 0 deg.
================================================================

[PLACEMENT 1/1] Z=45.000 mm | board center XY=(0.000, 0.000) mm
Waiting 1.0s for board settling ...
  [CAPTURE 01/3] pair Δt=41.7 ms | markers ihawk1=5, ihawk2=5
  [CAPTURE 02/3] pair Δt=46.6 ms | markers ihawk1=5, ihawk2=5
  [CAPTURE 03/3] pair Δt=36.5 ms | markers ihawk1=5, ihawk2=5
[PLACEMENT PASS] 1/1 | XY=(0.000, 0.000) mm | ihawk1 15/15 | ihawk2 15/15

------------------------------------------------------------
[HEIGHT PASS] Z=45.000 mm | 1/1 placements complete
Recorded board-center XY values:
  P01: (0.000, 0.000) mm
Now set the next physical Z and enter the next height.
------------------------------------------------------------


================================================================
[HEIGHT 003] Z = 0.000 mm
This Z layer requires exactly 1 XY placements.
For each placement enter the A4 CENTER coordinate as "X Y" in mm. Example: 5 0
Board rotation must remain 0 deg.
================================================================

[PLACEMENT 1/1] Z=0.000 mm | board center XY=(0.000, 0.000) mm
Waiting 1.0s for board settling ...
  [CAPTURE 01/3] pair Δt=21.7 ms | markers ihawk1=5, ihawk2=5
  [CAPTURE 02/3] pair Δt=21.8 ms | markers ihawk1=5, ihawk2=5
  [CAPTURE 03/3] pair Δt=18.3 ms | markers ihawk1=5, ihawk2=5
[PLACEMENT PASS] 1/1 | XY=(0.000, 0.000) mm | ihawk1 15/15 | ihawk2 15/15

------------------------------------------------------------
[HEIGHT PASS] Z=0.000 mm | 1/1 placements complete
Recorded board-center XY values:
  P01: (0.000, 0.000) mm
Now set the next physical Z and enter the next height.
------------------------------------------------------------


================================================================
[HEIGHT 004] Z = 5.000 mm
This Z layer requires exactly 1 XY placements.
For each placement enter the A4 CENTER coordinate as "X Y" in mm. Example: 5 0
Board rotation must remain 0 deg.
================================================================

[PLACEMENT 1/1] Z=5.000 mm | board center XY=(0.000, 0.000) mm
Waiting 1.0s for board settling ...
  [CAPTURE 01/3] pair Δt=20.6 ms | markers ihawk1=4, ihawk2=5
  [CAPTURE 02/3] pair Δt=13.0 ms | markers ihawk1=4, ihawk2=5
  [CAPTURE 03/3] pair Δt=8.4 ms | markers ihawk1=4, ihawk2=5
[PLACEMENT PASS] 1/1 | XY=(0.000, 0.000) mm | ihawk1 12/15 | ihawk2 15/15

------------------------------------------------------------
[HEIGHT PASS] Z=5.000 mm | 1/1 placements complete
Recorded board-center XY values:
  P01: (0.000, 0.000) mm
Now set the next physical Z and enter the next height.
------------------------------------------------------------


================================================================
[HEIGHT 005] Z = 5.000 mm
This Z layer requires exactly 1 XY placements.
For each placement enter the A4 CENTER coordinate as "X Y" in mm. Example: 5 0
Board rotation must remain 0 deg.
================================================================

[PLACEMENT 1/1] Z=5.000 mm | board center XY=(0.000, 0.000) mm
Waiting 1.0s for board settling ...
  [CAPTURE 01/3] pair Δt=9.5 ms | markers ihawk1=4, ihawk2=5
  [CAPTURE 02/3] pair Δt=18.2 ms | markers ihawk1=4, ihawk2=5
  [CAPTURE 03/3] pair Δt=6.7 ms | markers ihawk1=4, ihawk2=5
[PLACEMENT PASS] 1/1 | XY=(0.000, 0.000) mm | ihawk1 12/15 | ihawk2 15/15

------------------------------------------------------------
[HEIGHT PASS] Z=5.000 mm | 1/1 placements complete
Recorded board-center XY values:
  P01: (0.000, 0.000) mm
Now set the next physical Z and enter the next height.
------------------------------------------------------------


================================================================
[HEIGHT 006] Z = 5.000 mm
This Z layer requires exactly 1 XY placements.
For each placement enter the A4 CENTER coordinate as "X Y" in mm. Example: 5 0
Board rotation must remain 0 deg.
================================================================

[PLACEMENT 1/1] Z=5.000 mm | board center XY=(0.000, 0.000) mm
Waiting 1.0s for board settling ...
  [CAPTURE 01/3] pair Δt=11.8 ms | markers ihawk1=5, ihawk2=5
  [CAPTURE 02/3] pair Δt=27.2 ms | markers ihawk1=5, ihawk2=5
  [CAPTURE 03/3] pair Δt=16.9 ms | markers ihawk1=5, ihawk2=5
[PLACEMENT PASS] 1/1 | XY=(0.000, 0.000) mm | ihawk1 15/15 | ihawk2 15/15

------------------------------------------------------------
[HEIGHT PASS] Z=5.000 mm | 1/1 placements complete
Recorded board-center XY values:
  P01: (0.000, 0.000) mm
Now set the next physical Z and enter the next height.
------------------------------------------------------------


================================================================
[HEIGHT 007] Z = 10.000 mm
This Z layer requires exactly 1 XY placements.
For each placement enter the A4 CENTER coordinate as "X Y" in mm. Example: 5 0
Board rotation must remain 0 deg.
================================================================

[PLACEMENT 1/1] Z=10.000 mm | board center XY=(0.000, 0.000) mm
Waiting 1.0s for board settling ...
  [CAPTURE 01/3] pair Δt=45.1 ms | markers ihawk1=4, ihawk2=5
  [CAPTURE 02/3] pair Δt=15.2 ms | markers ihawk1=4, ihawk2=5
  [CAPTURE 03/3] pair Δt=11.7 ms | markers ihawk1=4, ihawk2=5
[PLACEMENT PASS] 1/1 | XY=(0.000, 0.000) mm | ihawk1 12/15 | ihawk2 15/15

------------------------------------------------------------
[HEIGHT PASS] Z=10.000 mm | 1/1 placements complete
Recorded board-center XY values:
  P01: (0.000, 0.000) mm
Now set the next physical Z and enter the next height.
------------------------------------------------------------


================================================================
[HEIGHT 008] Z = 10.000 mm
This Z layer requires exactly 1 XY placements.
For each placement enter the A4 CENTER coordinate as "X Y" in mm. Example: 5 0
Board rotation must remain 0 deg.
================================================================

[PLACEMENT 1/1] Z=10.000 mm | board center XY=(0.000, 0.000) mm
Waiting 1.0s for board settling ...
  [CAPTURE 01/3] pair Δt=13.8 ms | markers ihawk1=4, ihawk2=5
  [CAPTURE 02/3] pair Δt=15.2 ms | markers ihawk1=4, ihawk2=5
  [CAPTURE 03/3] pair Δt=12.8 ms | markers ihawk1=4, ihawk2=5
[PLACEMENT PASS] 1/1 | XY=(0.000, 0.000) mm | ihawk1 12/15 | ihawk2 15/15

------------------------------------------------------------
[HEIGHT PASS] Z=10.000 mm | 1/1 placements complete
Recorded board-center XY values:
  P01: (0.000, 0.000) mm
Now set the next physical Z and enter the next height.
------------------------------------------------------------


================================================================
[HEIGHT 009] Z = 10.000 mm
This Z layer requires exactly 1 XY placements.
For each placement enter the A4 CENTER coordinate as "X Y" in mm. Example: 5 0
Board rotation must remain 0 deg.
================================================================

[PLACEMENT 1/1] Z=10.000 mm | board center XY=(0.000, 0.000) mm
Waiting 1.0s for board settling ...
  [CAPTURE 01/3] pair Δt=15.9 ms | markers ihawk1=5, ihawk2=5
  [CAPTURE 02/3] pair Δt=45.0 ms | markers ihawk1=5, ihawk2=5
  [CAPTURE 03/3] pair Δt=46.2 ms | markers ihawk1=4, ihawk2=5
[PLACEMENT PASS] 1/1 | XY=(0.000, 0.000) mm | ihawk1 14/15 | ihawk2 15/15

------------------------------------------------------------
[HEIGHT PASS] Z=10.000 mm | 1/1 placements complete
Recorded board-center XY values:
  P01: (0.000, 0.000) mm
Now set the next physical Z and enter the next height.
------------------------------------------------------------


================================================================
[HEIGHT 010] Z = 10.000 mm
This Z layer requires exactly 1 XY placements.
For each placement enter the A4 CENTER coordinate as "X Y" in mm. Example: 5 0
Board rotation must remain 0 deg.
================================================================

[PLACEMENT 1/1] Z=10.000 mm | board center XY=(0.000, 0.000) mm
Waiting 1.0s for board settling ...
  [CAPTURE 01/3] pair Δt=15.2 ms | markers ihawk1=4, ihawk2=5
  [CAPTURE 02/3] pair Δt=4.4 ms | markers ihawk1=4, ihawk2=5
  [CAPTURE 03/3] pair Δt=21.0 ms | markers ihawk1=4, ihawk2=5
[PLACEMENT PASS] 1/1 | XY=(0.000, 0.000) mm | ihawk1 12/15 | ihawk2 15/15

------------------------------------------------------------
[HEIGHT PASS] Z=10.000 mm | 1/1 placements complete
Recorded board-center XY values:
  P01: (0.000, 0.000) mm
Now set the next physical Z and enter the next height.
------------------------------------------------------------


================================================================
[HEIGHT 011] Z = 10.000 mm
This Z layer requires exactly 1 XY placements.
For each placement enter the A4 CENTER coordinate as "X Y" in mm. Example: 5 0
Board rotation must remain 0 deg.
================================================================

[PLACEMENT 1/1] Z=10.000 mm | board center XY=(0.000, 0.000) mm
Waiting 1.0s for board settling ...
  [CAPTURE 01/3] pair Δt=19.7 ms | markers ihawk1=4, ihawk2=5
  [CAPTURE 02/3] pair Δt=13.5 ms | markers ihawk1=4, ihawk2=5
  [CAPTURE 03/3] pair Δt=24.7 ms | markers ihawk1=4, ihawk2=5
[PLACEMENT PASS] 1/1 | XY=(0.000, 0.000) mm | ihawk1 12/15 | ihawk2 15/15

------------------------------------------------------------
[HEIGHT PASS] Z=10.000 mm | 1/1 placements complete
Recorded board-center XY values:
  P01: (0.000, 0.000) mm
Now set the next physical Z and enter the next height.
------------------------------------------------------------


================================================================
[HEIGHT 012] Z = 10.000 mm
This Z layer requires exactly 1 XY placements.
For each placement enter the A4 CENTER coordinate as "X Y" in mm. Example: 5 0
Board rotation must remain 0 deg.
================================================================

[PLACEMENT 1/1] Z=10.000 mm | board center XY=(0.000, 0.000) mm
Waiting 1.0s for board settling ...
  [CAPTURE 01/3] pair Δt=14.8 ms | markers ihawk1=5, ihawk2=5
  [CAPTURE 02/3] pair Δt=15.1 ms | markers ihawk1=5, ihawk2=5
  [CAPTURE 03/3] pair Δt=20.3 ms | markers ihawk1=5, ihawk2=5
[PLACEMENT PASS] 1/1 | XY=(0.000, 0.000) mm | ihawk1 15/15 | ihawk2 15/15

------------------------------------------------------------
[HEIGHT PASS] Z=10.000 mm | 1/1 placements complete
Recorded board-center XY values:
  P01: (0.000, 0.000) mm
Now set the next physical Z and enter the next height.
------------------------------------------------------------


================================================================
[HEIGHT 013] Z = 15.000 mm
This Z layer requires exactly 1 XY placements.
For each placement enter the A4 CENTER coordinate as "X Y" in mm. Example: 5 0
Board rotation must remain 0 deg.
================================================================

[PLACEMENT 1/1] Z=15.000 mm | board center XY=(0.000, 0.000) mm
Waiting 1.0s for board settling ...
  [CAPTURE 01/3] pair Δt=16.1 ms | markers ihawk1=5, ihawk2=5
  [CAPTURE 02/3] pair Δt=15.2 ms | markers ihawk1=5, ihawk2=5
  [CAPTURE 03/3] pair Δt=18.8 ms | markers ihawk1=5, ihawk2=5
[PLACEMENT PASS] 1/1 | XY=(0.000, 0.000) mm | ihawk1 15/15 | ihawk2 15/15

------------------------------------------------------------
[HEIGHT PASS] Z=15.000 mm | 1/1 placements complete
Recorded board-center XY values:
  P01: (0.000, 0.000) mm
Now set the next physical Z and enter the next height.
------------------------------------------------------------


================================================================
[HEIGHT 014] Z = 20.000 mm
This Z layer requires exactly 1 XY placements.
For each placement enter the A4 CENTER coordinate as "X Y" in mm. Example: 5 0
Board rotation must remain 0 deg.
================================================================

[PLACEMENT 1/1] Z=20.000 mm | board center XY=(0.000, 0.000) mm
Waiting 1.0s for board settling ...
  [CAPTURE 01/3] pair Δt=48.3 ms | markers ihawk1=5, ihawk2=5
  [CAPTURE 02/3] pair Δt=45.1 ms | markers ihawk1=5, ihawk2=5
  [CAPTURE 03/3] pair Δt=16.6 ms | markers ihawk1=5, ihawk2=5
[PLACEMENT PASS] 1/1 | XY=(0.000, 0.000) mm | ihawk1 15/15 | ihawk2 15/15

------------------------------------------------------------
[HEIGHT PASS] Z=20.000 mm | 1/1 placements complete
Recorded board-center XY values:
  P01: (0.000, 0.000) mm
Now set the next physical Z and enter the next height.
------------------------------------------------------------


================================================================
[HEIGHT 015] Z = 25.000 mm
This Z layer requires exactly 1 XY placements.
For each placement enter the A4 CENTER coordinate as "X Y" in mm. Example: 5 0
Board rotation must remain 0 deg.
================================================================

[PLACEMENT 1/1] Z=25.000 mm | board center XY=(0.000, 0.000) mm
Waiting 1.0s for board settling ...
  [CAPTURE 01/3] pair Δt=15.9 ms | markers ihawk1=5, ihawk2=5
  [CAPTURE 02/3] pair Δt=37.4 ms | markers ihawk1=5, ihawk2=5
  [CAPTURE 03/3] pair Δt=39.8 ms | markers ihawk1=5, ihawk2=5
[PLACEMENT PASS] 1/1 | XY=(0.000, 0.000) mm | ihawk1 15/15 | ihawk2 15/15

------------------------------------------------------------
[HEIGHT PASS] Z=25.000 mm | 1/1 placements complete
Recorded board-center XY values:
  P01: (0.000, 0.000) mm
Now set the next physical Z and enter the next height.
------------------------------------------------------------


================================================================
[HEIGHT 016] Z = 30.000 mm
This Z layer requires exactly 1 XY placements.
For each placement enter the A4 CENTER coordinate as "X Y" in mm. Example: 5 0
Board rotation must remain 0 deg.
================================================================

[PLACEMENT 1/1] Z=30.000 mm | board center XY=(0.000, 0.000) mm
Waiting 1.0s for board settling ...
  [CAPTURE 01/3] pair Δt=46.5 ms | markers ihawk1=5, ihawk2=5
  [CAPTURE 02/3] pair Δt=48.9 ms | markers ihawk1=5, ihawk2=5
  [CAPTURE 03/3] pair Δt=47.3 ms | markers ihawk1=5, ihawk2=5
[PLACEMENT PASS] 1/1 | XY=(0.000, 0.000) mm | ihawk1 15/15 | ihawk2 15/15

------------------------------------------------------------
[HEIGHT PASS] Z=30.000 mm | 1/1 placements complete
Recorded board-center XY values:
  P01: (0.000, 0.000) mm
Now set the next physical Z and enter the next height.
------------------------------------------------------------


================================================================
[HEIGHT 017] Z = 35.000 mm
This Z layer requires exactly 1 XY placements.
For each placement enter the A4 CENTER coordinate as "X Y" in mm. Example: 5 0
Board rotation must remain 0 deg.
================================================================

[PLACEMENT 1/1] Z=35.000 mm | board center XY=(0.000, 0.000) mm
Waiting 1.0s for board settling ...
  [CAPTURE 01/3] pair Δt=40.9 ms | markers ihawk1=4, ihawk2=5
  [CAPTURE 02/3] pair Δt=37.0 ms | markers ihawk1=4, ihawk2=5
  [CAPTURE 03/3] pair Δt=46.9 ms | markers ihawk1=4, ihawk2=5
[PLACEMENT PASS] 1/1 | XY=(0.000, 0.000) mm | ihawk1 12/15 | ihawk2 15/15

------------------------------------------------------------
[HEIGHT PASS] Z=35.000 mm | 1/1 placements complete
Recorded board-center XY values:
  P01: (0.000, 0.000) mm
Now set the next physical Z and enter the next height.
------------------------------------------------------------


================================================================
[HEIGHT 018] Z = 35.000 mm
This Z layer requires exactly 1 XY placements.
For each placement enter the A4 CENTER coordinate as "X Y" in mm. Example: 5 0
Board rotation must remain 0 deg.
================================================================

[PLACEMENT 1/1] Z=35.000 mm | board center XY=(0.000, 0.000) mm
Waiting 1.0s for board settling ...
  [CAPTURE 01/3] pair Δt=12.6 ms | markers ihawk1=5, ihawk2=5
  [CAPTURE 02/3] pair Δt=10.9 ms | markers ihawk1=5, ihawk2=5
  [CAPTURE 03/3] pair Δt=12.4 ms | markers ihawk1=5, ihawk2=5
[PLACEMENT PASS] 1/1 | XY=(0.000, 0.000) mm | ihawk1 15/15 | ihawk2 15/15

------------------------------------------------------------
[HEIGHT PASS] Z=35.000 mm | 1/1 placements complete
Recorded board-center XY values:
  P01: (0.000, 0.000) mm
Now set the next physical Z and enter the next height.
------------------------------------------------------------


================================================================
[HEIGHT 019] Z = 40.000 mm
This Z layer requires exactly 1 XY placements.
For each placement enter the A4 CENTER coordinate as "X Y" in mm. Example: 5 0
Board rotation must remain 0 deg.
================================================================

[PLACEMENT 1/1] Z=40.000 mm | board center XY=(0.000, 0.000) mm
Waiting 1.0s for board settling ...
  [CAPTURE 01/3] pair Δt=41.0 ms | markers ihawk1=5, ihawk2=5
  [CAPTURE 02/3] pair Δt=46.4 ms | markers ihawk1=5, ihawk2=5
  [CAPTURE 03/3] pair Δt=37.2 ms | markers ihawk1=5, ihawk2=5
[PLACEMENT PASS] 1/1 | XY=(0.000, 0.000) mm | ihawk1 15/15 | ihawk2 15/15

------------------------------------------------------------
[HEIGHT PASS] Z=40.000 mm | 1/1 placements complete
Recorded board-center XY values:
  P01: (0.000, 0.000) mm
Now set the next physical Z and enter the next height.
------------------------------------------------------------


================================================================
[HEIGHT 020] Z = 45.000 mm
This Z layer requires exactly 1 XY placements.
For each placement enter the A4 CENTER coordinate as "X Y" in mm. Example: 5 0
Board rotation must remain 0 deg.
================================================================

[PLACEMENT 1/1] Z=45.000 mm | board center XY=(0.000, 0.000) mm
Waiting 1.0s for board settling ...
  [CAPTURE 01/3] pair Δt=24.5 ms | markers ihawk1=5, ihawk2=5
  [CAPTURE 02/3] pair Δt=5.5 ms | markers ihawk1=5, ihawk2=5
  [CAPTURE 03/3] pair Δt=10.8 ms | markers ihawk1=5, ihawk2=5
[PLACEMENT PASS] 1/1 | XY=(0.000, 0.000) mm | ihawk1 15/15 | ihawk2 15/15

------------------------------------------------------------
[HEIGHT PASS] Z=45.000 mm | 1/1 placements complete
Recorded board-center XY values:
  P01: (0.000, 0.000) mm
Now set the next physical Z and enter the next height.
------------------------------------------------------------


================================================================
[HEIGHT 021] Z = 50.000 mm
This Z layer requires exactly 1 XY placements.
For each placement enter the A4 CENTER coordinate as "X Y" in mm. Example: 5 0
Board rotation must remain 0 deg.
================================================================

[PLACEMENT 1/1] Z=50.000 mm | board center XY=(0.000, 0.000) mm
Waiting 1.0s for board settling ...
  [CAPTURE 01/3] pair Δt=15.6 ms | markers ihawk1=5, ihawk2=5
  [CAPTURE 02/3] pair Δt=1.3 ms | markers ihawk1=5, ihawk2=5
  [CAPTURE 03/3] pair Δt=24.6 ms | markers ihawk1=5, ihawk2=5
[PLACEMENT PASS] 1/1 | XY=(0.000, 0.000) mm | ihawk1 15/15 | ihawk2 15/15

------------------------------------------------------------
[HEIGHT PASS] Z=50.000 mm | 1/1 placements complete
Recorded board-center XY values:
  P01: (0.000, 0.000) mm
Now set the next physical Z and enter the next height.
------------------------------------------------------------

User requested end of run.
================================================================
[PASS] E2 HEIGHT SCAN RUN COMPLETE
================================================================
Raw CSV : /mnt/c/Users/ASUS/Desktop/paper/E2/E2_dual_camera_height_scan/run_20260808_151001/raw/E2_dual_height_raw_20260808_151001.csv
Metadata: /mnt/c/Users/ASUS/Desktop/paper/E2/E2_dual_camera_height_scan/run_20260808_151001/metadata/E2_run_metadata_20260808_151001.json
Summary : /mnt/c/Users/ASUS/Desktop/paper/E2/E2_dual_camera_height_scan/run_20260808_151001/results/E2_capture_summary_20260808_151001.json
Frames  : /mnt/c/Users/ASUS/Desktop/paper/E2/E2_dual_camera_height_scan/run_20260808_151001/raw/frames

Recorded 21 height step(s): [50.0, 45.0, 0.0, 5.0, 5.0, 5.0, 10.0, 10.0, 10.0, 10.0, 10.0, 10.0, 15.0, 20.0, 25.0, 30.0, 35.0, 35.0, 40.0, 45.0, 50.0]
